// Jest Snapshot v1, https://goo.gl/fbAQLP

exports[`<Item /> Should render <Item /> 1`] = `
<div
  className="item"
>
  <div
    className="item__image"
  >
    <img />
  </div>
  <div
    className="item__details"
  >
    <div
      className="item__title"
    />
    <div
      className="item__description"
    />
  </div>
</div>
`;
