// Jest Snapshot v1, https://goo.gl/fbAQLP

exports[`<Notification /> Should render <Notification /> 1`] = `
<div
  className="notification"
>
  <div
    className="notification__content"
  >
    test text
  </div>
</div>
`;
