// Jest Snapshot v1, https://goo.gl/fbAQLP

exports[`<ModalElement /> Should render ModalElement and children 1`] = `
<div
  className="modal"
>
  <div
    className="modal__overlay"
  />
  <div
    className="modal__content --undefined"
  >
    <TestChild
      close={[MockFunction]}
    />
  </div>
</div>
`;
