// Jest Snapshot v1, https://goo.gl/fbAQLP

exports[`<App /> Should render <App /> 1`] = `
<div
  className="app"
>
  <inject-Buttons-with-ItemsStore />
  <inject-Notification-with-ItemsStore />
  <inject-Items-with-ItemsStore />
</div>
`;
